[thiepcuoionline.huythanhjewelry.vn/toan-ngoc-22022025-1730/moi-cuoif46a.html]
[backblue.gif]
[fade.gif]
[index.html]
[thiepcuoionline.huythanhjewelry.vn/toan-ngoc-22022025-1730/moi-cuoi.html]
[cdnjs.cloudflare.com/ajax/libs/croppie/2.6.5/croppie.min.css]
[cdnjs.cloudflare.com/ajax/libs/croppie/2.6.5/croppie.min.js]
[cdn.jsdelivr.net/npm/flatpickr/dist/flatpickr.min.css]
[cdn.jsdelivr.net/npm/flatpickr/dist/plugins/confirmDate/confirmDate.css]
[cdn.jsdelivr.net/npm/flatpickr/dist/plugins/confirmDate/confirmDate.js]
[nhuhuy-tuyetmai.iwedding.info/templates/template19/css/bootstrap.min241a.css]
[nhuhuy-tuyetmai.iwedding.info/templates/template19/css/libs241a.css]
[nhuhuy-tuyetmai.iwedding.info/templates/template19/css/fontawesome-all.min241a.css]
[nhuhuy-tuyetmai.iwedding.info/templates/template19/css/neela-icon-set241a.css]
[nhuhuy-tuyetmai.iwedding.info/templates/template19/css/owl.carousel.min241a.css]
[nhuhuy-tuyetmai.iwedding.info/common/calendar241a.css]
[thiepcuoionline.huythanhjewelry.vn/css/stylef984.css]
[www.google-analytics.com/analytics.js]
[nhuhuy-tuyetmai.iwedding.info/templates/template19/images/jquery.minicolors.png]
[ajax.googleapis.com/ajax/libs/jquery/3.6.0/jquery.min.js]
[thiepcuoionline.huythanhjewelry.vn/css/maina094.css]
[thiepcuoionline.huythanhjewelry.vn/css/residuale166.css]
[thiepcuoionline.huythanhjewelry.vn/js/frontend.js]
[adminlte.io/themes/v3/plugins/daterangepicker/daterangepicker.css]
[cdn.jsdelivr.net/npm/@flasher/flasher@1.3.2/dist/flasher.min.js]
[thiepcuoionline.huythanhjewelry.vn/img/HUY_THANH_LOGO_TALES.png]
[thiepcuoionline.huythanhjewelry.vn/toan-ngoc-22022025-1730/rsvp.html]
[thiepcuoionline.huythanhjewelry.vn/img/menu/gift.png]
[thiepcuoionline.huythanhjewelry.vn/js/jquery-plugin-collection.js]
[thiepcuoionline.huythanhjewelry.vn/js/variables.js]
[thiepcuoionline.huythanhjewelry.vn/js/scripts.js]
[thiepcuoionline.huythanhjewelry.vn/js/template.settings.js]
[thiepcuoionline.huythanhjewelry.vn/js/biiiiiiiiiiiii.js]
[thiepcuoionline.huythanhjewelry.vn/common/emoji-picker/js/insertTextAtCursor241a.js]
[thiepcuoionline.huythanhjewelry.vn/common/emoji-picker/js/init241a.js]
[thiepcuoionline.huythanhjewelry.vn/toan-ngoc-22022025-1730/moi-cuoif46a.html]
[thiepcuoionline.huythanhjewelry.vn/toan-ngoc-22022025-1730/moi-cuoi.html]
[cdnjs.cloudflare.com/ajax/libs/croppie/2.6.5/croppie.min.css]
[cdn.jsdelivr.net/npm/flatpickr/dist/flatpickr.min.css]
[cdn.jsdelivr.net/npm/flatpickr/dist/plugins/confirmDate/confirmDate.css]
[nhuhuy-tuyetmai.iwedding.info/templates/template19/css/bootstrap.min241a.css]
[nhuhuy-tuyetmai.iwedding.info/templates/template19/images/fancybox/fancybox_sprite.png]
[nhuhuy-tuyetmai.iwedding.info/templates/template19/images/fancybox/fancybox_loading.gif]
[nhuhuy-tuyetmai.iwedding.info/templates/template19/images/fancybox/blank.gif]
[nhuhuy-tuyetmai.iwedding.info/templates/template19/images/fancybox/fancybox_overlay.png]
[nhuhuy-tuyetmai.iwedding.info/templates/template19/images/fancybox/fancybox_sprite@2x.png]
[nhuhuy-tuyetmai.iwedding.info/templates/template19/images/fancybox/fancybox_loading@2x.gif]
[nhuhuy-tuyetmai.iwedding.info/templates/template19/css/webfonts/lgd41d.eot]
[nhuhuy-tuyetmai.iwedding.info/templates/template19/img/vimeo-play.png]
[nhuhuy-tuyetmai.iwedding.info/templates/template19/img/video-play.png]
[nhuhuy-tuyetmai.iwedding.info/templates/template19/img/youtube-play.png]
[nhuhuy-tuyetmai.iwedding.info/templates/template19/images/loading.gif]
[nhuhuy-tuyetmai.iwedding.info/templates/template19/css/libs241a.css]
[nhuhuy-tuyetmai.iwedding.info/templates/template19/css/fontawesome-all.min241a.css]
[nhuhuy-tuyetmai.iwedding.info/templates/template19/css/neela-icon-set241a.css]
[nhuhuy-tuyetmai.iwedding.info/templates/template19/css/owl.carousel.min241a.css]
[nhuhuy-tuyetmai.iwedding.info/common/calendar241a.css]
[nhuhuy-tuyetmai.iwedding.info/templates/template19/css/owl.video.play.html]
[thiepcuoionline.huythanhjewelry.vn/css/stylef984.css]
[thiepcuoionline.huythanhjewelry.vn/css/maina094.css]
[thiepcuoionline.huythanhjewelry.vn/css/residuale166.css]
[adminlte.io/themes/v3/plugins/daterangepicker/daterangepicker.css]
[thiepcuoionline.huythanhjewelry.vn/toan-ngoc-22022025-1730/_https_/thiepcuoionline.huythanhjewelry.vn/img/banner.html]
[thiepcuoionline.huythanhjewelry.vn/toan-ngoc-22022025-1730/_https_/thiepcuoionline.huythanhjewelry.vn/storage/GeGRcXZd1Z.html]
[cdn.jsdelivr.net/npm/bootstrap@5.2.0/dist/css/bootstrap.min.css]
[code.jquery.com/jquery-3.6.0.min.js]
[nhuhuy-tuyetmai.iwedding.info/album/heart.gif]
[thiepcuoionline.huythanhjewelry.vn/toan-ngoc-22022025-1730/rsvp.html]
[thiepcuoionline.huythanhjewelry.vn/toan-ngoc-22022025-1730/_https_/thiepcuoionline.huythanhjewelry.vn/storage/47DOgTWR1v.html]
[thiepcuoionline.huythanhjewelry.vn/toan-ngoc-22022025-1730/POST.html]
[thiepcuoionline.huythanhjewelry.vn/toan-ngoc-22022025-1730/preview.html]
[nhuhuy-tuyetmai.iwedding.info/templates/template19/css/webfonts/lgd41d.html]
[nhuhuy-tuyetmai.iwedding.info/templates/template19/img/vimeo-play.html]
[nhuhuy-tuyetmai.iwedding.info/templates/template19/img/video-play.html]
[nhuhuy-tuyetmai.iwedding.info/templates/template19/img/youtube-play.html]
[nhuhuy-tuyetmai.iwedding.info/templates/template19/css/owl.video.play.html]
[thiepcuoionline.huythanhjewelry.vn/images/our-story-background-img.html]
[thiepcuoionline.huythanhjewelry.vn/images/our-story-background-img@2x.html]
[thiepcuoionline.huythanhjewelry.vn/images/invitation-background.html]
[thiepcuoionline.huythanhjewelry.vn/images/invitation-background@2x.html]
[thiepcuoionline.huythanhjewelry.vn/images/bridesmaids-background.html]
[thiepcuoionline.huythanhjewelry.vn/images/bridesmaids-background@2x.html]
[thiepcuoionline.huythanhjewelry.vn/images/groomsmen-background.html]
[thiepcuoionline.huythanhjewelry.vn/images/groomsmen-background@2x.html]
[thiepcuoionline.huythanhjewelry.vn/images/gift-background-img.html]
[thiepcuoionline.huythanhjewelry.vn/images/gift-background-img@2x.html]
[thiepcuoionline.huythanhjewelry.vn/images/menu.html]
[thiepcuoionline.huythanhjewelry.vn/images/menu@2x.html]
[thiepcuoionline.huythanhjewelry.vn/images/gallery-img3.html]
[thiepcuoionline.huythanhjewelry.vn/css/owl.video.play.html]
[thiepcuoionline.huythanhjewelry.vn/images/neela-pattern.html]
[thiepcuoionline.huythanhjewelry.vn/images/loading.html]
[thiepcuoionline.huythanhjewelry.vn/img/searchicon.html]
[cdn.jsdelivr.net/npm/bootstrap@5.2.0/dist/css/bootstrap.min.css]
[thiepcuoionline.huythanhjewelry.vn/images/logo8fc6.png]
[thiepcuoionline.huythanhjewelry.vn/images/story.png]
[thiepcuoionline.huythanhjewelry.vn/images/album1.png]
[thiepcuoionline.huythanhjewelry.vn/images/event.png]
[thiepcuoionline.huythanhjewelry.vn/images/qr.png]
[thiepcuoionline.huythanhjewelry.vn/toan-ngoc-22022025-1730/preview.html]
[thiepcuoionline.huythanhjewelry.vn/toan-ngoc-22022025-1730/_/img/banner.html]
[thiepcuoionline.huythanhjewelry.vn/toan-ngoc-22022025-1730/_/images/large.html]
